[0m14:48:05.909762 [debug] [MainThread]: Sending event: {'category': 'dbt', 'action': 'invocation', 'label': 'start', 'context': [<snowplow_tracker.self_describing_json.SelfDescribingJson object at 0x00000234F6C6B260>, <snowplow_tracker.self_describing_json.SelfDescribingJson object at 0x00000234F6849B20>, <snowplow_tracker.self_describing_json.SelfDescribingJson object at 0x00000234F6982480>]}


============================== 14:48:05.926307 | 60ebd916-084a-46d0-8256-71e91c1f9840 ==============================
[0m14:48:05.926307 [info ] [MainThread]: Running with dbt=1.11.8
[0m14:48:05.926307 [debug] [MainThread]: running dbt with arguments {'static_parser': 'True', 'no_print': 'None', 'version_check': 'True', 'warn_error_options': 'WarnErrorOptionsV2(error=[], warn=[], silence=[])', 'target_path': 'None', 'printer_width': '80', 'write_json': 'True', 'introspect': 'True', 'log_cache_events': 'False', 'empty': 'False', 'cache_selected_only': 'False', 'fail_fast': 'False', 'debug': 'False', 'log_format': 'default', 'partial_parse': 'True', 'send_anonymous_usage_stats': 'True', 'quiet': 'False', 'warn_error': 'None', 'profiles_dir': '.', 'indirect_selection': 'eager', 'invocation_command': 'dbt run --profiles-dir .', 'use_colors': 'True', 'use_experimental_parser': 'False', 'log_path': 'C:\\Users\\Daisuke\\Documents\\nikkei\\nikkei225\\nikkei225-analysis\\dbt_nikkei225\\logs'}
[0m14:48:06.400942 [debug] [MainThread]: Sending event: {'category': 'dbt', 'action': 'project_id', 'label': '60ebd916-084a-46d0-8256-71e91c1f9840', 'context': [<snowplow_tracker.self_describing_json.SelfDescribingJson object at 0x00000234F664C8C0>]}
[0m14:48:06.623576 [debug] [MainThread]: Sending event: {'category': 'dbt', 'action': 'adapter_info', 'label': '60ebd916-084a-46d0-8256-71e91c1f9840', 'context': [<snowplow_tracker.self_describing_json.SelfDescribingJson object at 0x00000234F83AF200>]}
[0m14:48:06.627546 [info ] [MainThread]: Registered adapter: sqlite=1.10.0
[0m14:48:07.584792 [debug] [MainThread]: checksum: 7d524ac048c2100769df89d592e662e060a73ca564e31bd9c2a37efdfe8d8ab6, vars: {}, profile: , target: , version: 1.11.8
[0m14:48:07.586567 [info ] [MainThread]: Unable to do partial parsing because saved manifest not found. Starting full parse.
[0m14:48:07.586567 [debug] [MainThread]: Sending event: {'category': 'dbt', 'action': 'partial_parser', 'label': '60ebd916-084a-46d0-8256-71e91c1f9840', 'context': [<snowplow_tracker.self_describing_json.SelfDescribingJson object at 0x00000234F8353200>]}
[0m14:48:15.537022 [debug] [MainThread]: Sending event: {'category': 'dbt', 'action': 'load_project', 'label': '60ebd916-084a-46d0-8256-71e91c1f9840', 'context': [<snowplow_tracker.self_describing_json.SelfDescribingJson object at 0x00000234F84555B0>]}
[0m14:48:15.856294 [debug] [MainThread]: Wrote artifact WritableManifest to C:\Users\Daisuke\Documents\nikkei\nikkei225\nikkei225-analysis\dbt_nikkei225\target\manifest.json
[0m14:48:15.995635 [debug] [MainThread]: Wrote artifact SemanticManifest to C:\Users\Daisuke\Documents\nikkei\nikkei225\nikkei225-analysis\dbt_nikkei225\target\semantic_manifest.json
[0m14:48:16.316827 [debug] [MainThread]: Sending event: {'category': 'dbt', 'action': 'resource_counts', 'label': '60ebd916-084a-46d0-8256-71e91c1f9840', 'context': [<snowplow_tracker.self_describing_json.SelfDescribingJson object at 0x00000234F8A0C590>]}
[0m14:48:16.316827 [info ] [MainThread]: Found 3 models, 1 source, 416 macros
[0m14:48:16.316827 [debug] [MainThread]: Sending event: {'category': 'dbt', 'action': 'runnable_timing', 'label': '60ebd916-084a-46d0-8256-71e91c1f9840', 'context': [<snowplow_tracker.self_describing_json.SelfDescribingJson object at 0x00000234F880AD20>]}
[0m14:48:16.332881 [info ] [MainThread]: 
[0m14:48:16.334396 [info ] [MainThread]: Concurrency: 1 threads (target='dev')
[0m14:48:16.338687 [info ] [MainThread]: 
[0m14:48:16.342067 [debug] [MainThread]: Acquiring new sqlite connection 'master'
[0m14:48:16.366703 [debug] [ThreadPool]: Acquiring new sqlite connection 'list_database'
[0m14:48:17.329176 [debug] [ThreadPool]: Using sqlite connection "list_database"
[0m14:48:17.331187 [debug] [ThreadPool]: On list_database: BEGIN
[0m14:48:17.332125 [debug] [ThreadPool]: Opening a new connection, currently in state init
[0m14:48:17.337927 [debug] [ThreadPool]: SQL status: OK in 0.005 seconds
[0m14:48:17.341035 [debug] [ThreadPool]: Using sqlite connection "list_database"
[0m14:48:17.342302 [debug] [ThreadPool]: On list_database: /* {"app": "dbt", "dbt_version": "1.11.8", "profile_name": "nikkei225", "target_name": "dev", "connection_name": "list_database"} */

        pragma database_list
    
[0m14:48:17.345674 [debug] [ThreadPool]: SQL status: OK in 0.000 seconds
[0m14:48:17.349463 [debug] [ThreadPool]: On list_database: ROLLBACK
[0m14:48:17.349463 [debug] [ThreadPool]: On list_database: Close
[0m14:48:17.358918 [debug] [ThreadPool]: Acquiring new sqlite connection 'list_database_main'
[0m14:48:17.392068 [debug] [ThreadPool]: Using sqlite connection "list_database_main"
[0m14:48:17.395340 [debug] [ThreadPool]: On list_database_main: BEGIN
[0m14:48:17.396156 [debug] [ThreadPool]: Opening a new connection, currently in state init
[0m14:48:17.397226 [debug] [ThreadPool]: SQL status: OK in 0.003 seconds
[0m14:48:17.400381 [debug] [ThreadPool]: Using sqlite connection "list_database_main"
[0m14:48:17.400381 [debug] [ThreadPool]: On list_database_main: /* {"app": "dbt", "dbt_version": "1.11.8", "profile_name": "nikkei225", "target_name": "dev", "connection_name": "list_database_main"} */

        pragma database_list
    
[0m14:48:17.400381 [debug] [ThreadPool]: SQL status: OK in 0.000 seconds
[0m14:48:17.408217 [debug] [ThreadPool]: Using sqlite connection "list_database_main"
[0m14:48:17.411737 [debug] [ThreadPool]: On list_database_main: /* {"app": "dbt", "dbt_version": "1.11.8", "profile_name": "nikkei225", "target_name": "dev", "connection_name": "list_database_main"} */

            SELECT
                'database' as database
                ,name
                ,'main' AS schema
                ,type as data_type
            FROM
                main.sqlite_master
            WHERE
                name NOT LIKE 'sqlite_%'
        
[0m14:48:17.413746 [debug] [ThreadPool]: SQL status: OK in 0.001 seconds
[0m14:48:17.413746 [debug] [ThreadPool]: On list_database_main: ROLLBACK
[0m14:48:17.413746 [debug] [ThreadPool]: On list_database_main: Close
[0m14:48:17.425047 [debug] [MainThread]: Sending event: {'category': 'dbt', 'action': 'runnable_timing', 'label': '60ebd916-084a-46d0-8256-71e91c1f9840', 'context': [<snowplow_tracker.self_describing_json.SelfDescribingJson object at 0x00000234F8846F30>]}
[0m14:48:17.428305 [debug] [MainThread]: Using sqlite connection "master"
[0m14:48:17.428305 [debug] [MainThread]: On master: BEGIN
[0m14:48:17.430314 [debug] [MainThread]: Opening a new connection, currently in state init
[0m14:48:17.430314 [debug] [MainThread]: SQL status: OK in 0.003 seconds
[0m14:48:17.430314 [debug] [MainThread]: On master: COMMIT
[0m14:48:17.430314 [debug] [MainThread]: Using sqlite connection "master"
[0m14:48:17.430314 [debug] [MainThread]: On master: COMMIT
[0m14:48:17.438485 [debug] [MainThread]: SQL status: OK in 0.000 seconds
[0m14:48:17.441707 [debug] [MainThread]: On master: Close
[0m14:48:17.561050 [debug] [Thread-1 (]: Began running node model.nikkei225_dbt.stg_nikkei225
[0m14:48:17.561050 [info ] [Thread-1 (]: 1 of 3 START sql table model main.stg_nikkei225 ................................ [RUN]
[0m14:48:17.561050 [debug] [Thread-1 (]: Acquiring new sqlite connection 'model.nikkei225_dbt.stg_nikkei225'
[0m14:48:17.561050 [debug] [Thread-1 (]: Began compiling node model.nikkei225_dbt.stg_nikkei225
[0m14:48:17.609425 [debug] [Thread-1 (]: Writing injected SQL for node "model.nikkei225_dbt.stg_nikkei225"
[0m14:48:17.616561 [debug] [Thread-1 (]: Began executing node model.nikkei225_dbt.stg_nikkei225
[0m14:48:17.677534 [debug] [Thread-1 (]: Writing runtime sql for node "model.nikkei225_dbt.stg_nikkei225"
[0m14:48:17.689295 [debug] [Thread-1 (]: Using sqlite connection "model.nikkei225_dbt.stg_nikkei225"
[0m14:48:17.689295 [debug] [Thread-1 (]: On model.nikkei225_dbt.stg_nikkei225: BEGIN
[0m14:48:17.692320 [debug] [Thread-1 (]: Opening a new connection, currently in state init
[0m14:48:17.697045 [debug] [Thread-1 (]: SQL status: OK in 0.004 seconds
[0m14:48:17.699065 [debug] [Thread-1 (]: Using sqlite connection "model.nikkei225_dbt.stg_nikkei225"
[0m14:48:17.701096 [debug] [Thread-1 (]: On model.nikkei225_dbt.stg_nikkei225: /* {"app": "dbt", "dbt_version": "1.11.8", "profile_name": "nikkei225", "target_name": "dev", "node_id": "model.nikkei225_dbt.stg_nikkei225"} */

  
    
    
    create  table main."stg_nikkei225"
    as
        -- Staging: 生データの整理（列名統一、型変換、NULL除外）
SELECT
    date,
    ROUND(CAST("Open" AS REAL), 2) AS open_price,
    ROUND(CAST("High" AS REAL), 2) AS high_price,
    ROUND(CAST("Low" AS REAL), 2) AS low_price,
    ROUND(CAST("Close" AS REAL), 2) AS close_price,
    CAST("Volume" AS INTEGER) AS volume
FROM main."raw_nikkei225"
WHERE "Close" IS NOT NULL
ORDER BY date

  
[0m14:48:17.725382 [debug] [Thread-1 (]: SQL status: OK in 0.021 seconds
[0m14:48:17.744090 [debug] [Thread-1 (]: On model.nikkei225_dbt.stg_nikkei225: COMMIT
[0m14:48:17.744090 [debug] [Thread-1 (]: Using sqlite connection "model.nikkei225_dbt.stg_nikkei225"
[0m14:48:17.744090 [debug] [Thread-1 (]: On model.nikkei225_dbt.stg_nikkei225: COMMIT
[0m14:48:17.754019 [debug] [Thread-1 (]: SQL status: OK in 0.008 seconds
[0m14:48:17.763828 [debug] [Thread-1 (]: On model.nikkei225_dbt.stg_nikkei225: Close
[0m14:48:17.788406 [debug] [Thread-1 (]: Sending event: {'category': 'dbt', 'action': 'run_model', 'label': '60ebd916-084a-46d0-8256-71e91c1f9840', 'context': [<snowplow_tracker.self_describing_json.SelfDescribingJson object at 0x00000234F89B3DA0>]}
[0m14:48:17.791557 [info ] [Thread-1 (]: 1 of 3 OK created sql table model main.stg_nikkei225 ........................... [[32mOK[0m in 0.20s]
[0m14:48:17.791557 [debug] [Thread-1 (]: Finished running node model.nikkei225_dbt.stg_nikkei225
[0m14:48:17.797360 [debug] [Thread-1 (]: Began running node model.nikkei225_dbt.int_daily_metrics
[0m14:48:17.797360 [info ] [Thread-1 (]: 2 of 3 START sql table model main.int_daily_metrics ............................ [RUN]
[0m14:48:17.802136 [debug] [Thread-1 (]: Re-using an available connection from the pool (formerly model.nikkei225_dbt.stg_nikkei225, now model.nikkei225_dbt.int_daily_metrics)
[0m14:48:17.804619 [debug] [Thread-1 (]: Began compiling node model.nikkei225_dbt.int_daily_metrics
[0m14:48:17.829164 [debug] [Thread-1 (]: Writing injected SQL for node "model.nikkei225_dbt.int_daily_metrics"
[0m14:48:17.834840 [debug] [Thread-1 (]: Began executing node model.nikkei225_dbt.int_daily_metrics
[0m14:48:17.848612 [debug] [Thread-1 (]: Writing runtime sql for node "model.nikkei225_dbt.int_daily_metrics"
[0m14:48:17.856399 [debug] [Thread-1 (]: Using sqlite connection "model.nikkei225_dbt.int_daily_metrics"
[0m14:48:17.858127 [debug] [Thread-1 (]: On model.nikkei225_dbt.int_daily_metrics: BEGIN
[0m14:48:17.860138 [debug] [Thread-1 (]: Opening a new connection, currently in state closed
[0m14:48:17.863171 [debug] [Thread-1 (]: SQL status: OK in 0.005 seconds
[0m14:48:17.863171 [debug] [Thread-1 (]: Using sqlite connection "model.nikkei225_dbt.int_daily_metrics"
[0m14:48:17.863171 [debug] [Thread-1 (]: On model.nikkei225_dbt.int_daily_metrics: /* {"app": "dbt", "dbt_version": "1.11.8", "profile_name": "nikkei225", "target_name": "dev", "node_id": "model.nikkei225_dbt.int_daily_metrics"} */

  
    
    
    create  table main."int_daily_metrics"
    as
        -- Intermediate: 日次メトリクス（リターン + 移動平均）
SELECT
    date,
    close_price,
    volume,
    ROUND(
        (close_price - LAG(close_price) OVER (ORDER BY date))
        / LAG(close_price) OVER (ORDER BY date) * 100,
        4
    ) AS daily_return,
    ROUND(AVG(close_price) OVER (
        ORDER BY date ROWS BETWEEN 19 PRECEDING AND CURRENT ROW
    ), 2) AS ma_20,
    ROUND(AVG(close_price) OVER (
        ORDER BY date ROWS BETWEEN 199 PRECEDING AND CURRENT ROW
    ), 2) AS ma_200
FROM main."stg_nikkei225"
ORDER BY date

  
[0m14:48:17.913960 [debug] [Thread-1 (]: SQL status: OK in 0.040 seconds
[0m14:48:17.916068 [debug] [Thread-1 (]: On model.nikkei225_dbt.int_daily_metrics: COMMIT
[0m14:48:17.916068 [debug] [Thread-1 (]: Using sqlite connection "model.nikkei225_dbt.int_daily_metrics"
[0m14:48:17.916068 [debug] [Thread-1 (]: On model.nikkei225_dbt.int_daily_metrics: COMMIT
[0m14:48:17.931039 [debug] [Thread-1 (]: SQL status: OK in 0.009 seconds
[0m14:48:17.931039 [debug] [Thread-1 (]: On model.nikkei225_dbt.int_daily_metrics: Close
[0m14:48:17.931039 [debug] [Thread-1 (]: Sending event: {'category': 'dbt', 'action': 'run_model', 'label': '60ebd916-084a-46d0-8256-71e91c1f9840', 'context': [<snowplow_tracker.self_describing_json.SelfDescribingJson object at 0x00000234F8DEFC50>]}
[0m14:48:17.931039 [info ] [Thread-1 (]: 2 of 3 OK created sql table model main.int_daily_metrics ....................... [[32mOK[0m in 0.13s]
[0m14:48:17.941967 [debug] [Thread-1 (]: Finished running node model.nikkei225_dbt.int_daily_metrics
[0m14:48:17.944601 [debug] [Thread-1 (]: Began running node model.nikkei225_dbt.mart_monthly_summary
[0m14:48:17.947986 [info ] [Thread-1 (]: 3 of 3 START sql table model main.mart_monthly_summary ......................... [RUN]
[0m14:48:17.947986 [debug] [Thread-1 (]: Re-using an available connection from the pool (formerly model.nikkei225_dbt.int_daily_metrics, now model.nikkei225_dbt.mart_monthly_summary)
[0m14:48:17.947986 [debug] [Thread-1 (]: Began compiling node model.nikkei225_dbt.mart_monthly_summary
[0m14:48:17.965377 [debug] [Thread-1 (]: Writing injected SQL for node "model.nikkei225_dbt.mart_monthly_summary"
[0m14:48:17.965377 [debug] [Thread-1 (]: Began executing node model.nikkei225_dbt.mart_monthly_summary
[0m14:48:17.983448 [debug] [Thread-1 (]: Writing runtime sql for node "model.nikkei225_dbt.mart_monthly_summary"
[0m14:48:17.985468 [debug] [Thread-1 (]: Using sqlite connection "model.nikkei225_dbt.mart_monthly_summary"
[0m14:48:17.991722 [debug] [Thread-1 (]: On model.nikkei225_dbt.mart_monthly_summary: BEGIN
[0m14:48:17.995139 [debug] [Thread-1 (]: Opening a new connection, currently in state closed
[0m14:48:17.995139 [debug] [Thread-1 (]: SQL status: OK in 0.005 seconds
[0m14:48:18.001514 [debug] [Thread-1 (]: Using sqlite connection "model.nikkei225_dbt.mart_monthly_summary"
[0m14:48:18.001514 [debug] [Thread-1 (]: On model.nikkei225_dbt.mart_monthly_summary: /* {"app": "dbt", "dbt_version": "1.11.8", "profile_name": "nikkei225", "target_name": "dev", "node_id": "model.nikkei225_dbt.mart_monthly_summary"} */

  
    
    
    create  table main."mart_monthly_summary"
    as
        -- Marts: 月次サマリー（Data Mart）
SELECT
    SUBSTR(date, 1, 4) AS year,
    SUBSTR(date, 6, 2) AS month,
    SUBSTR(date, 1, 4) || '-' || SUBSTR(date, 6, 2) AS year_month,
    COUNT(*) AS trading_days,
    ROUND(AVG(close_price), 2) AS avg_close,
    ROUND(MAX(close_price), 2) AS max_close,
    ROUND(MIN(close_price), 2) AS min_close,
    ROUND(AVG(daily_return), 4) AS avg_daily_return,
    SUM(CASE WHEN daily_return > 0 THEN 1 ELSE 0 END) AS up_days,
    SUM(CASE WHEN daily_return < 0 THEN 1 ELSE 0 END) AS down_days
FROM main."int_daily_metrics"
WHERE daily_return IS NOT NULL
GROUP BY SUBSTR(date, 1, 4), SUBSTR(date, 6, 2)
ORDER BY year, month

  
[0m14:48:18.016008 [debug] [Thread-1 (]: SQL status: OK in 0.012 seconds
[0m14:48:18.020048 [debug] [Thread-1 (]: On model.nikkei225_dbt.mart_monthly_summary: COMMIT
[0m14:48:18.022067 [debug] [Thread-1 (]: Using sqlite connection "model.nikkei225_dbt.mart_monthly_summary"
[0m14:48:18.026098 [debug] [Thread-1 (]: On model.nikkei225_dbt.mart_monthly_summary: COMMIT
[0m14:48:18.035181 [debug] [Thread-1 (]: SQL status: OK in 0.009 seconds
[0m14:48:18.039227 [debug] [Thread-1 (]: On model.nikkei225_dbt.mart_monthly_summary: Close
[0m14:48:18.044028 [debug] [Thread-1 (]: Sending event: {'category': 'dbt', 'action': 'run_model', 'label': '60ebd916-084a-46d0-8256-71e91c1f9840', 'context': [<snowplow_tracker.self_describing_json.SelfDescribingJson object at 0x00000234F8E16360>]}
[0m14:48:18.045406 [info ] [Thread-1 (]: 3 of 3 OK created sql table model main.mart_monthly_summary .................... [[32mOK[0m in 0.09s]
[0m14:48:18.049471 [debug] [Thread-1 (]: Finished running node model.nikkei225_dbt.mart_monthly_summary
[0m14:48:18.049471 [debug] [MainThread]: Using sqlite connection "master"
[0m14:48:18.049471 [debug] [MainThread]: On master: BEGIN
[0m14:48:18.049471 [debug] [MainThread]: Opening a new connection, currently in state closed
[0m14:48:18.062109 [debug] [MainThread]: SQL status: OK in 0.006 seconds
[0m14:48:18.064059 [debug] [MainThread]: On master: COMMIT
[0m14:48:18.067110 [debug] [MainThread]: Using sqlite connection "master"
[0m14:48:18.067110 [debug] [MainThread]: On master: COMMIT
[0m14:48:18.067110 [debug] [MainThread]: SQL status: OK in 0.000 seconds
[0m14:48:18.067110 [debug] [MainThread]: On master: Close
[0m14:48:18.067110 [debug] [MainThread]: Connection 'master' was properly closed.
[0m14:48:18.067110 [debug] [MainThread]: Connection 'list_database' was properly closed.
[0m14:48:18.074209 [debug] [MainThread]: Connection 'list_database_main' was properly closed.
[0m14:48:18.075657 [debug] [MainThread]: Connection 'model.nikkei225_dbt.mart_monthly_summary' was properly closed.
[0m14:48:18.076940 [info ] [MainThread]: 
[0m14:48:18.076940 [info ] [MainThread]: Finished running 3 table models in 0 hours 0 minutes and 1.74 seconds (1.74s).
[0m14:48:18.076940 [debug] [MainThread]: Command end result
[0m14:48:18.165691 [debug] [MainThread]: Wrote artifact WritableManifest to C:\Users\Daisuke\Documents\nikkei\nikkei225\nikkei225-analysis\dbt_nikkei225\target\manifest.json
[0m14:48:18.177931 [debug] [MainThread]: Wrote artifact SemanticManifest to C:\Users\Daisuke\Documents\nikkei\nikkei225\nikkei225-analysis\dbt_nikkei225\target\semantic_manifest.json
[0m14:48:18.209105 [debug] [MainThread]: Wrote artifact RunExecutionResult to C:\Users\Daisuke\Documents\nikkei\nikkei225\nikkei225-analysis\dbt_nikkei225\target\run_results.json
[0m14:48:18.212322 [info ] [MainThread]: 
[0m14:48:18.215295 [info ] [MainThread]: [32mCompleted successfully[0m
[0m14:48:18.216703 [info ] [MainThread]: 
[0m14:48:18.221542 [info ] [MainThread]: Done. PASS=3 WARN=0 ERROR=0 SKIP=0 NO-OP=0 TOTAL=3
[0m14:48:18.228825 [debug] [MainThread]: Command `run_dbt.py run` succeeded at 14:48:18.227700 after 12.73 seconds
[0m14:48:18.231310 [debug] [MainThread]: Sending event: {'category': 'dbt', 'action': 'invocation', 'label': 'end', 'context': [<snowplow_tracker.self_describing_json.SelfDescribingJson object at 0x00000234F6982480>, <snowplow_tracker.self_describing_json.SelfDescribingJson object at 0x00000234F6A173E0>, <snowplow_tracker.self_describing_json.SelfDescribingJson object at 0x00000234F8D48E30>]}
[0m14:48:18.231844 [debug] [MainThread]: Flushing usage events
[0m14:48:21.076204 [debug] [MainThread]: An error was encountered while trying to flush usage events
[0m14:51:21.744119 [debug] [MainThread]: Sending event: {'category': 'dbt', 'action': 'invocation', 'label': 'start', 'context': [<snowplow_tracker.self_describing_json.SelfDescribingJson object at 0x0000028EF3BC5040>, <snowplow_tracker.self_describing_json.SelfDescribingJson object at 0x0000028EF7A51B20>, <snowplow_tracker.self_describing_json.SelfDescribingJson object at 0x0000028EF714C230>]}


============================== 14:51:21.757682 | 4aaf7bff-ac21-402f-9342-2e5beb8f4672 ==============================
[0m14:51:21.757682 [info ] [MainThread]: Running with dbt=1.11.8
[0m14:51:21.757682 [debug] [MainThread]: running dbt with arguments {'version_check': 'True', 'no_print': 'None', 'static_parser': 'True', 'target_path': 'None', 'warn_error_options': 'WarnErrorOptionsV2(error=[], warn=[], silence=[])', 'printer_width': '80', 'write_json': 'True', 'introspect': 'True', 'log_cache_events': 'False', 'empty': 'None', 'cache_selected_only': 'False', 'fail_fast': 'False', 'debug': 'False', 'log_format': 'default', 'partial_parse': 'True', 'send_anonymous_usage_stats': 'True', 'quiet': 'False', 'warn_error': 'None', 'profiles_dir': '.', 'invocation_command': 'dbt test --profiles-dir .', 'use_colors': 'True', 'indirect_selection': 'eager', 'use_experimental_parser': 'False', 'log_path': 'C:\\Users\\Daisuke\\Documents\\nikkei\\nikkei225\\nikkei225-analysis\\dbt_nikkei225\\logs'}
[0m14:51:22.083415 [debug] [MainThread]: Sending event: {'category': 'dbt', 'action': 'project_id', 'label': '4aaf7bff-ac21-402f-9342-2e5beb8f4672', 'context': [<snowplow_tracker.self_describing_json.SelfDescribingJson object at 0x0000028EF7E79880>]}
[0m14:51:22.240753 [debug] [MainThread]: Sending event: {'category': 'dbt', 'action': 'adapter_info', 'label': '4aaf7bff-ac21-402f-9342-2e5beb8f4672', 'context': [<snowplow_tracker.self_describing_json.SelfDescribingJson object at 0x0000028EF5B8B860>]}
[0m14:51:22.251619 [info ] [MainThread]: Registered adapter: sqlite=1.10.0
[0m14:51:23.090677 [debug] [MainThread]: checksum: 7d524ac048c2100769df89d592e662e060a73ca564e31bd9c2a37efdfe8d8ab6, vars: {}, profile: , target: , version: 1.11.8
[0m14:51:23.500751 [debug] [MainThread]: Partial parsing enabled: 0 files deleted, 1 files added, 0 files changed.
[0m14:51:23.500751 [debug] [MainThread]: Partial parsing: added file: nikkei225_dbt://models\staging\schema.yml
[0m14:51:24.074198 [debug] [MainThread]: Sending event: {'category': 'dbt', 'action': 'load_project', 'label': '4aaf7bff-ac21-402f-9342-2e5beb8f4672', 'context': [<snowplow_tracker.self_describing_json.SelfDescribingJson object at 0x0000028EF954FE60>]}
[0m14:51:24.309774 [debug] [MainThread]: Wrote artifact WritableManifest to C:\Users\Daisuke\Documents\nikkei\nikkei225\nikkei225-analysis\dbt_nikkei225\target\manifest.json
[0m14:51:24.320060 [debug] [MainThread]: Wrote artifact SemanticManifest to C:\Users\Daisuke\Documents\nikkei\nikkei225\nikkei225-analysis\dbt_nikkei225\target\semantic_manifest.json
[0m14:51:24.407909 [debug] [MainThread]: Sending event: {'category': 'dbt', 'action': 'resource_counts', 'label': '4aaf7bff-ac21-402f-9342-2e5beb8f4672', 'context': [<snowplow_tracker.self_describing_json.SelfDescribingJson object at 0x0000028EF964CAD0>]}
[0m14:51:24.410645 [info ] [MainThread]: Found 3 models, 7 data tests, 1 source, 416 macros
[0m14:51:24.410645 [debug] [MainThread]: Sending event: {'category': 'dbt', 'action': 'runnable_timing', 'label': '4aaf7bff-ac21-402f-9342-2e5beb8f4672', 'context': [<snowplow_tracker.self_describing_json.SelfDescribingJson object at 0x0000028EF90CDBB0>]}
[0m14:51:24.414666 [info ] [MainThread]: 
[0m14:51:24.414666 [info ] [MainThread]: Concurrency: 1 threads (target='dev')
[0m14:51:24.416951 [info ] [MainThread]: 
[0m14:51:24.418368 [debug] [MainThread]: Acquiring new sqlite connection 'master'
[0m14:51:24.430381 [debug] [ThreadPool]: Acquiring new sqlite connection 'list_database_main'
[0m14:51:24.612928 [debug] [ThreadPool]: Using sqlite connection "list_database_main"
[0m14:51:24.612928 [debug] [ThreadPool]: On list_database_main: BEGIN
[0m14:51:24.612928 [debug] [ThreadPool]: Opening a new connection, currently in state init
[0m14:51:24.617494 [debug] [ThreadPool]: SQL status: OK in 0.002 seconds
[0m14:51:24.617494 [debug] [ThreadPool]: Using sqlite connection "list_database_main"
[0m14:51:24.617494 [debug] [ThreadPool]: On list_database_main: /* {"app": "dbt", "dbt_version": "1.11.8", "profile_name": "nikkei225", "target_name": "dev", "connection_name": "list_database_main"} */

        pragma database_list
    
[0m14:51:24.617494 [debug] [ThreadPool]: SQL status: OK in 0.000 seconds
[0m14:51:24.621513 [debug] [ThreadPool]: Using sqlite connection "list_database_main"
[0m14:51:24.621513 [debug] [ThreadPool]: On list_database_main: /* {"app": "dbt", "dbt_version": "1.11.8", "profile_name": "nikkei225", "target_name": "dev", "connection_name": "list_database_main"} */

            SELECT
                'database' as database
                ,name
                ,'main' AS schema
                ,type as data_type
            FROM
                main.sqlite_master
            WHERE
                name NOT LIKE 'sqlite_%'
        
[0m14:51:24.624052 [debug] [ThreadPool]: SQL status: OK in 0.001 seconds
[0m14:51:24.625610 [debug] [ThreadPool]: On list_database_main: ROLLBACK
[0m14:51:24.625610 [debug] [ThreadPool]: On list_database_main: Close
[0m14:51:24.629956 [debug] [MainThread]: Sending event: {'category': 'dbt', 'action': 'runnable_timing', 'label': '4aaf7bff-ac21-402f-9342-2e5beb8f4672', 'context': [<snowplow_tracker.self_describing_json.SelfDescribingJson object at 0x0000028EF96BF290>]}
[0m14:51:24.633154 [debug] [MainThread]: Using sqlite connection "master"
[0m14:51:24.633154 [debug] [MainThread]: On master: BEGIN
[0m14:51:24.633154 [debug] [MainThread]: Opening a new connection, currently in state init
[0m14:51:24.635167 [debug] [MainThread]: SQL status: OK in 0.001 seconds
[0m14:51:24.635167 [debug] [MainThread]: On master: COMMIT
[0m14:51:24.637178 [debug] [MainThread]: Using sqlite connection "master"
[0m14:51:24.637178 [debug] [MainThread]: On master: COMMIT
[0m14:51:24.637178 [debug] [MainThread]: SQL status: OK in 0.000 seconds
[0m14:51:24.638521 [debug] [MainThread]: On master: Close
[0m14:51:24.641062 [debug] [Thread-1 (]: Began running node test.nikkei225_dbt.not_null_int_daily_metrics_date.63583b0248
[0m14:51:24.641062 [info ] [Thread-1 (]: 1 of 7 START test not_null_int_daily_metrics_date .............................. [RUN]
[0m14:51:24.641062 [debug] [Thread-1 (]: Acquiring new sqlite connection 'test.nikkei225_dbt.not_null_int_daily_metrics_date.63583b0248'
[0m14:51:24.641062 [debug] [Thread-1 (]: Began compiling node test.nikkei225_dbt.not_null_int_daily_metrics_date.63583b0248
[0m14:51:24.770514 [debug] [Thread-1 (]: Writing injected SQL for node "test.nikkei225_dbt.not_null_int_daily_metrics_date.63583b0248"
[0m14:51:24.775425 [debug] [Thread-1 (]: Began executing node test.nikkei225_dbt.not_null_int_daily_metrics_date.63583b0248
[0m14:51:24.828783 [debug] [Thread-1 (]: Writing runtime sql for node "test.nikkei225_dbt.not_null_int_daily_metrics_date.63583b0248"
[0m14:51:24.834914 [debug] [Thread-1 (]: Using sqlite connection "test.nikkei225_dbt.not_null_int_daily_metrics_date.63583b0248"
[0m14:51:24.834914 [debug] [Thread-1 (]: On test.nikkei225_dbt.not_null_int_daily_metrics_date.63583b0248: BEGIN
[0m14:51:24.834914 [debug] [Thread-1 (]: Opening a new connection, currently in state init
[0m14:51:24.840719 [debug] [Thread-1 (]: SQL status: OK in 0.004 seconds
[0m14:51:24.840719 [debug] [Thread-1 (]: Using sqlite connection "test.nikkei225_dbt.not_null_int_daily_metrics_date.63583b0248"
[0m14:51:24.840719 [debug] [Thread-1 (]: On test.nikkei225_dbt.not_null_int_daily_metrics_date.63583b0248: /* {"app": "dbt", "dbt_version": "1.11.8", "profile_name": "nikkei225", "target_name": "dev", "node_id": "test.nikkei225_dbt.not_null_int_daily_metrics_date.63583b0248"} */

    select
      count(*) as failures,
      case when count(*) != 0
        then 'true' else 'false' end as should_warn,
      case when count(*) != 0
        then 'true' else 'false' end as should_error
    from (
      
    
  
    
    



select date
from main."int_daily_metrics"
where date is null



  
  
      
    ) dbt_internal_test
[0m14:51:24.844388 [debug] [Thread-1 (]: SQL status: OK in 0.001 seconds
[0m14:51:24.851065 [debug] [Thread-1 (]: On test.nikkei225_dbt.not_null_int_daily_metrics_date.63583b0248: ROLLBACK
[0m14:51:24.851065 [debug] [Thread-1 (]: On test.nikkei225_dbt.not_null_int_daily_metrics_date.63583b0248: Close
[0m14:51:24.853974 [info ] [Thread-1 (]: 1 of 7 PASS not_null_int_daily_metrics_date .................................... [[32mPASS[0m in 0.21s]
[0m14:51:24.855832 [debug] [Thread-1 (]: Finished running node test.nikkei225_dbt.not_null_int_daily_metrics_date.63583b0248
[0m14:51:24.857841 [debug] [Thread-1 (]: Began running node test.nikkei225_dbt.not_null_mart_monthly_summary_year_month.7994e795ee
[0m14:51:24.857841 [info ] [Thread-1 (]: 2 of 7 START test not_null_mart_monthly_summary_year_month ..................... [RUN]
[0m14:51:24.857841 [debug] [Thread-1 (]: Re-using an available connection from the pool (formerly test.nikkei225_dbt.not_null_int_daily_metrics_date.63583b0248, now test.nikkei225_dbt.not_null_mart_monthly_summary_year_month.7994e795ee)
[0m14:51:24.857841 [debug] [Thread-1 (]: Began compiling node test.nikkei225_dbt.not_null_mart_monthly_summary_year_month.7994e795ee
[0m14:51:24.862848 [debug] [Thread-1 (]: Writing injected SQL for node "test.nikkei225_dbt.not_null_mart_monthly_summary_year_month.7994e795ee"
[0m14:51:24.867415 [debug] [Thread-1 (]: Began executing node test.nikkei225_dbt.not_null_mart_monthly_summary_year_month.7994e795ee
[0m14:51:24.874163 [debug] [Thread-1 (]: Writing runtime sql for node "test.nikkei225_dbt.not_null_mart_monthly_summary_year_month.7994e795ee"
[0m14:51:24.876173 [debug] [Thread-1 (]: Using sqlite connection "test.nikkei225_dbt.not_null_mart_monthly_summary_year_month.7994e795ee"
[0m14:51:24.877633 [debug] [Thread-1 (]: On test.nikkei225_dbt.not_null_mart_monthly_summary_year_month.7994e795ee: BEGIN
[0m14:51:24.878574 [debug] [Thread-1 (]: Opening a new connection, currently in state closed
[0m14:51:24.878574 [debug] [Thread-1 (]: SQL status: OK in 0.001 seconds
[0m14:51:24.878574 [debug] [Thread-1 (]: Using sqlite connection "test.nikkei225_dbt.not_null_mart_monthly_summary_year_month.7994e795ee"
[0m14:51:24.878574 [debug] [Thread-1 (]: On test.nikkei225_dbt.not_null_mart_monthly_summary_year_month.7994e795ee: /* {"app": "dbt", "dbt_version": "1.11.8", "profile_name": "nikkei225", "target_name": "dev", "node_id": "test.nikkei225_dbt.not_null_mart_monthly_summary_year_month.7994e795ee"} */

    select
      count(*) as failures,
      case when count(*) != 0
        then 'true' else 'false' end as should_warn,
      case when count(*) != 0
        then 'true' else 'false' end as should_error
    from (
      
    
  
    
    



select year_month
from main."mart_monthly_summary"
where year_month is null



  
  
      
    ) dbt_internal_test
[0m14:51:24.878574 [debug] [Thread-1 (]: SQL status: OK in 0.001 seconds
[0m14:51:24.878574 [debug] [Thread-1 (]: On test.nikkei225_dbt.not_null_mart_monthly_summary_year_month.7994e795ee: ROLLBACK
[0m14:51:24.878574 [debug] [Thread-1 (]: On test.nikkei225_dbt.not_null_mart_monthly_summary_year_month.7994e795ee: Close
[0m14:51:24.878574 [info ] [Thread-1 (]: 2 of 7 PASS not_null_mart_monthly_summary_year_month ........................... [[32mPASS[0m in 0.02s]
[0m14:51:24.889413 [debug] [Thread-1 (]: Finished running node test.nikkei225_dbt.not_null_mart_monthly_summary_year_month.7994e795ee
[0m14:51:24.891424 [debug] [Thread-1 (]: Began running node test.nikkei225_dbt.not_null_stg_nikkei225_close_price.b0ff0b1665
[0m14:51:24.891424 [info ] [Thread-1 (]: 3 of 7 START test not_null_stg_nikkei225_close_price ........................... [RUN]
[0m14:51:24.891424 [debug] [Thread-1 (]: Re-using an available connection from the pool (formerly test.nikkei225_dbt.not_null_mart_monthly_summary_year_month.7994e795ee, now test.nikkei225_dbt.not_null_stg_nikkei225_close_price.b0ff0b1665)
[0m14:51:24.895137 [debug] [Thread-1 (]: Began compiling node test.nikkei225_dbt.not_null_stg_nikkei225_close_price.b0ff0b1665
[0m14:51:24.896884 [debug] [Thread-1 (]: Writing injected SQL for node "test.nikkei225_dbt.not_null_stg_nikkei225_close_price.b0ff0b1665"
[0m14:51:24.896884 [debug] [Thread-1 (]: Began executing node test.nikkei225_dbt.not_null_stg_nikkei225_close_price.b0ff0b1665
[0m14:51:24.905114 [debug] [Thread-1 (]: Writing runtime sql for node "test.nikkei225_dbt.not_null_stg_nikkei225_close_price.b0ff0b1665"
[0m14:51:24.911383 [debug] [Thread-1 (]: Using sqlite connection "test.nikkei225_dbt.not_null_stg_nikkei225_close_price.b0ff0b1665"
[0m14:51:24.911383 [debug] [Thread-1 (]: On test.nikkei225_dbt.not_null_stg_nikkei225_close_price.b0ff0b1665: BEGIN
[0m14:51:24.913118 [debug] [Thread-1 (]: Opening a new connection, currently in state closed
[0m14:51:24.915244 [debug] [Thread-1 (]: SQL status: OK in 0.002 seconds
[0m14:51:24.915244 [debug] [Thread-1 (]: Using sqlite connection "test.nikkei225_dbt.not_null_stg_nikkei225_close_price.b0ff0b1665"
[0m14:51:24.915244 [debug] [Thread-1 (]: On test.nikkei225_dbt.not_null_stg_nikkei225_close_price.b0ff0b1665: /* {"app": "dbt", "dbt_version": "1.11.8", "profile_name": "nikkei225", "target_name": "dev", "node_id": "test.nikkei225_dbt.not_null_stg_nikkei225_close_price.b0ff0b1665"} */

    select
      count(*) as failures,
      case when count(*) != 0
        then 'true' else 'false' end as should_warn,
      case when count(*) != 0
        then 'true' else 'false' end as should_error
    from (
      
    
  
    
    



select close_price
from main."stg_nikkei225"
where close_price is null



  
  
      
    ) dbt_internal_test
[0m14:51:24.915244 [debug] [Thread-1 (]: SQL status: OK in 0.001 seconds
[0m14:51:24.915244 [debug] [Thread-1 (]: On test.nikkei225_dbt.not_null_stg_nikkei225_close_price.b0ff0b1665: ROLLBACK
[0m14:51:24.915244 [debug] [Thread-1 (]: On test.nikkei225_dbt.not_null_stg_nikkei225_close_price.b0ff0b1665: Close
[0m14:51:24.915244 [info ] [Thread-1 (]: 3 of 7 PASS not_null_stg_nikkei225_close_price ................................. [[32mPASS[0m in 0.02s]
[0m14:51:24.923591 [debug] [Thread-1 (]: Finished running node test.nikkei225_dbt.not_null_stg_nikkei225_close_price.b0ff0b1665
[0m14:51:24.923591 [debug] [Thread-1 (]: Began running node test.nikkei225_dbt.not_null_stg_nikkei225_date.2ea7f8c84d
[0m14:51:24.925602 [info ] [Thread-1 (]: 4 of 7 START test not_null_stg_nikkei225_date .................................. [RUN]
[0m14:51:24.926961 [debug] [Thread-1 (]: Re-using an available connection from the pool (formerly test.nikkei225_dbt.not_null_stg_nikkei225_close_price.b0ff0b1665, now test.nikkei225_dbt.not_null_stg_nikkei225_date.2ea7f8c84d)
[0m14:51:24.926961 [debug] [Thread-1 (]: Began compiling node test.nikkei225_dbt.not_null_stg_nikkei225_date.2ea7f8c84d
[0m14:51:24.933037 [debug] [Thread-1 (]: Writing injected SQL for node "test.nikkei225_dbt.not_null_stg_nikkei225_date.2ea7f8c84d"
[0m14:51:24.937061 [debug] [Thread-1 (]: Began executing node test.nikkei225_dbt.not_null_stg_nikkei225_date.2ea7f8c84d
[0m14:51:24.942553 [debug] [Thread-1 (]: Writing runtime sql for node "test.nikkei225_dbt.not_null_stg_nikkei225_date.2ea7f8c84d"
[0m14:51:24.944564 [debug] [Thread-1 (]: Using sqlite connection "test.nikkei225_dbt.not_null_stg_nikkei225_date.2ea7f8c84d"
[0m14:51:24.946572 [debug] [Thread-1 (]: On test.nikkei225_dbt.not_null_stg_nikkei225_date.2ea7f8c84d: BEGIN
[0m14:51:24.946572 [debug] [Thread-1 (]: Opening a new connection, currently in state closed
[0m14:51:24.948583 [debug] [Thread-1 (]: SQL status: OK in 0.002 seconds
[0m14:51:24.948583 [debug] [Thread-1 (]: Using sqlite connection "test.nikkei225_dbt.not_null_stg_nikkei225_date.2ea7f8c84d"
[0m14:51:24.950592 [debug] [Thread-1 (]: On test.nikkei225_dbt.not_null_stg_nikkei225_date.2ea7f8c84d: /* {"app": "dbt", "dbt_version": "1.11.8", "profile_name": "nikkei225", "target_name": "dev", "node_id": "test.nikkei225_dbt.not_null_stg_nikkei225_date.2ea7f8c84d"} */

    select
      count(*) as failures,
      case when count(*) != 0
        then 'true' else 'false' end as should_warn,
      case when count(*) != 0
        then 'true' else 'false' end as should_error
    from (
      
    
  
    
    



select date
from main."stg_nikkei225"
where date is null



  
  
      
    ) dbt_internal_test
[0m14:51:24.950592 [debug] [Thread-1 (]: SQL status: OK in 0.001 seconds
[0m14:51:24.957689 [debug] [Thread-1 (]: On test.nikkei225_dbt.not_null_stg_nikkei225_date.2ea7f8c84d: ROLLBACK
[0m14:51:24.958345 [debug] [Thread-1 (]: On test.nikkei225_dbt.not_null_stg_nikkei225_date.2ea7f8c84d: Close
[0m14:51:24.960189 [info ] [Thread-1 (]: 4 of 7 PASS not_null_stg_nikkei225_date ........................................ [[32mPASS[0m in 0.03s]
[0m14:51:24.968224 [debug] [Thread-1 (]: Finished running node test.nikkei225_dbt.not_null_stg_nikkei225_date.2ea7f8c84d
[0m14:51:24.970233 [debug] [Thread-1 (]: Began running node test.nikkei225_dbt.unique_int_daily_metrics_date.bd5c61e2ab
[0m14:51:24.971510 [info ] [Thread-1 (]: 5 of 7 START test unique_int_daily_metrics_date ................................ [RUN]
[0m14:51:24.990208 [debug] [Thread-1 (]: Re-using an available connection from the pool (formerly test.nikkei225_dbt.not_null_stg_nikkei225_date.2ea7f8c84d, now test.nikkei225_dbt.unique_int_daily_metrics_date.bd5c61e2ab)
[0m14:51:24.990208 [debug] [Thread-1 (]: Began compiling node test.nikkei225_dbt.unique_int_daily_metrics_date.bd5c61e2ab
[0m14:51:24.996206 [debug] [Thread-1 (]: Writing injected SQL for node "test.nikkei225_dbt.unique_int_daily_metrics_date.bd5c61e2ab"
[0m14:51:25.003456 [debug] [Thread-1 (]: Began executing node test.nikkei225_dbt.unique_int_daily_metrics_date.bd5c61e2ab
[0m14:51:25.007829 [debug] [Thread-1 (]: Writing runtime sql for node "test.nikkei225_dbt.unique_int_daily_metrics_date.bd5c61e2ab"
[0m14:51:25.011599 [debug] [Thread-1 (]: Using sqlite connection "test.nikkei225_dbt.unique_int_daily_metrics_date.bd5c61e2ab"
[0m14:51:25.012390 [debug] [Thread-1 (]: On test.nikkei225_dbt.unique_int_daily_metrics_date.bd5c61e2ab: BEGIN
[0m14:51:25.012390 [debug] [Thread-1 (]: Opening a new connection, currently in state closed
[0m14:51:25.014958 [debug] [Thread-1 (]: SQL status: OK in 0.002 seconds
[0m14:51:25.014958 [debug] [Thread-1 (]: Using sqlite connection "test.nikkei225_dbt.unique_int_daily_metrics_date.bd5c61e2ab"
[0m14:51:25.014958 [debug] [Thread-1 (]: On test.nikkei225_dbt.unique_int_daily_metrics_date.bd5c61e2ab: /* {"app": "dbt", "dbt_version": "1.11.8", "profile_name": "nikkei225", "target_name": "dev", "node_id": "test.nikkei225_dbt.unique_int_daily_metrics_date.bd5c61e2ab"} */

    select
      count(*) as failures,
      case when count(*) != 0
        then 'true' else 'false' end as should_warn,
      case when count(*) != 0
        then 'true' else 'false' end as should_error
    from (
      
    
  
    
    

select
    date as unique_field,
    count(*) as n_records

from main."int_daily_metrics"
where date is not null
group by date
having count(*) > 1



  
  
      
    ) dbt_internal_test
[0m14:51:25.016970 [debug] [Thread-1 (]: SQL status: OK in 0.001 seconds
[0m14:51:25.016970 [debug] [Thread-1 (]: On test.nikkei225_dbt.unique_int_daily_metrics_date.bd5c61e2ab: ROLLBACK
[0m14:51:25.020118 [debug] [Thread-1 (]: On test.nikkei225_dbt.unique_int_daily_metrics_date.bd5c61e2ab: Close
[0m14:51:25.020118 [info ] [Thread-1 (]: 5 of 7 PASS unique_int_daily_metrics_date ...................................... [[32mPASS[0m in 0.03s]
[0m14:51:25.021541 [debug] [Thread-1 (]: Finished running node test.nikkei225_dbt.unique_int_daily_metrics_date.bd5c61e2ab
[0m14:51:25.021541 [debug] [Thread-1 (]: Began running node test.nikkei225_dbt.unique_mart_monthly_summary_year_month.7ea78abcb0
[0m14:51:25.021541 [info ] [Thread-1 (]: 6 of 7 START test unique_mart_monthly_summary_year_month ....................... [RUN]
[0m14:51:25.024449 [debug] [Thread-1 (]: Re-using an available connection from the pool (formerly test.nikkei225_dbt.unique_int_daily_metrics_date.bd5c61e2ab, now test.nikkei225_dbt.unique_mart_monthly_summary_year_month.7ea78abcb0)
[0m14:51:25.024449 [debug] [Thread-1 (]: Began compiling node test.nikkei225_dbt.unique_mart_monthly_summary_year_month.7ea78abcb0
[0m14:51:25.024449 [debug] [Thread-1 (]: Writing injected SQL for node "test.nikkei225_dbt.unique_mart_monthly_summary_year_month.7ea78abcb0"
[0m14:51:25.024449 [debug] [Thread-1 (]: Began executing node test.nikkei225_dbt.unique_mart_monthly_summary_year_month.7ea78abcb0
[0m14:51:25.040389 [debug] [Thread-1 (]: Writing runtime sql for node "test.nikkei225_dbt.unique_mart_monthly_summary_year_month.7ea78abcb0"
[0m14:51:25.044016 [debug] [Thread-1 (]: Using sqlite connection "test.nikkei225_dbt.unique_mart_monthly_summary_year_month.7ea78abcb0"
[0m14:51:25.044016 [debug] [Thread-1 (]: On test.nikkei225_dbt.unique_mart_monthly_summary_year_month.7ea78abcb0: BEGIN
[0m14:51:25.044016 [debug] [Thread-1 (]: Opening a new connection, currently in state closed
[0m14:51:25.044016 [debug] [Thread-1 (]: SQL status: OK in 0.002 seconds
[0m14:51:25.044016 [debug] [Thread-1 (]: Using sqlite connection "test.nikkei225_dbt.unique_mart_monthly_summary_year_month.7ea78abcb0"
[0m14:51:25.044016 [debug] [Thread-1 (]: On test.nikkei225_dbt.unique_mart_monthly_summary_year_month.7ea78abcb0: /* {"app": "dbt", "dbt_version": "1.11.8", "profile_name": "nikkei225", "target_name": "dev", "node_id": "test.nikkei225_dbt.unique_mart_monthly_summary_year_month.7ea78abcb0"} */

    select
      count(*) as failures,
      case when count(*) != 0
        then 'true' else 'false' end as should_warn,
      case when count(*) != 0
        then 'true' else 'false' end as should_error
    from (
      
    
  
    
    

select
    year_month as unique_field,
    count(*) as n_records

from main."mart_monthly_summary"
where year_month is not null
group by year_month
having count(*) > 1



  
  
      
    ) dbt_internal_test
[0m14:51:25.044016 [debug] [Thread-1 (]: SQL status: OK in 0.001 seconds
[0m14:51:25.052231 [debug] [Thread-1 (]: On test.nikkei225_dbt.unique_mart_monthly_summary_year_month.7ea78abcb0: ROLLBACK
[0m14:51:25.052231 [debug] [Thread-1 (]: On test.nikkei225_dbt.unique_mart_monthly_summary_year_month.7ea78abcb0: Close
[0m14:51:25.056642 [info ] [Thread-1 (]: 6 of 7 PASS unique_mart_monthly_summary_year_month ............................. [[32mPASS[0m in 0.03s]
[0m14:51:25.058350 [debug] [Thread-1 (]: Finished running node test.nikkei225_dbt.unique_mart_monthly_summary_year_month.7ea78abcb0
[0m14:51:25.058350 [debug] [Thread-1 (]: Began running node test.nikkei225_dbt.unique_stg_nikkei225_date.fa86e4867a
[0m14:51:25.058350 [info ] [Thread-1 (]: 7 of 7 START test unique_stg_nikkei225_date .................................... [RUN]
[0m14:51:25.058350 [debug] [Thread-1 (]: Re-using an available connection from the pool (formerly test.nikkei225_dbt.unique_mart_monthly_summary_year_month.7ea78abcb0, now test.nikkei225_dbt.unique_stg_nikkei225_date.fa86e4867a)
[0m14:51:25.066641 [debug] [Thread-1 (]: Began compiling node test.nikkei225_dbt.unique_stg_nikkei225_date.fa86e4867a
[0m14:51:25.075612 [debug] [Thread-1 (]: Writing injected SQL for node "test.nikkei225_dbt.unique_stg_nikkei225_date.fa86e4867a"
[0m14:51:25.075612 [debug] [Thread-1 (]: Began executing node test.nikkei225_dbt.unique_stg_nikkei225_date.fa86e4867a
[0m14:51:25.093289 [debug] [Thread-1 (]: Writing runtime sql for node "test.nikkei225_dbt.unique_stg_nikkei225_date.fa86e4867a"
[0m14:51:25.096558 [debug] [Thread-1 (]: Using sqlite connection "test.nikkei225_dbt.unique_stg_nikkei225_date.fa86e4867a"
[0m14:51:25.096558 [debug] [Thread-1 (]: On test.nikkei225_dbt.unique_stg_nikkei225_date.fa86e4867a: BEGIN
[0m14:51:25.096558 [debug] [Thread-1 (]: Opening a new connection, currently in state closed
[0m14:51:25.096558 [debug] [Thread-1 (]: SQL status: OK in 0.003 seconds
[0m14:51:25.105079 [debug] [Thread-1 (]: Using sqlite connection "test.nikkei225_dbt.unique_stg_nikkei225_date.fa86e4867a"
[0m14:51:25.109081 [debug] [Thread-1 (]: On test.nikkei225_dbt.unique_stg_nikkei225_date.fa86e4867a: /* {"app": "dbt", "dbt_version": "1.11.8", "profile_name": "nikkei225", "target_name": "dev", "node_id": "test.nikkei225_dbt.unique_stg_nikkei225_date.fa86e4867a"} */

    select
      count(*) as failures,
      case when count(*) != 0
        then 'true' else 'false' end as should_warn,
      case when count(*) != 0
        then 'true' else 'false' end as should_error
    from (
      
    
  
    
    

select
    date as unique_field,
    count(*) as n_records

from main."stg_nikkei225"
where date is not null
group by date
having count(*) > 1



  
  
      
    ) dbt_internal_test
[0m14:51:25.115140 [debug] [Thread-1 (]: SQL status: OK in 0.004 seconds
[0m14:51:25.119175 [debug] [Thread-1 (]: On test.nikkei225_dbt.unique_stg_nikkei225_date.fa86e4867a: ROLLBACK
[0m14:51:25.120688 [debug] [Thread-1 (]: On test.nikkei225_dbt.unique_stg_nikkei225_date.fa86e4867a: Close
[0m14:51:25.121967 [info ] [Thread-1 (]: 7 of 7 PASS unique_stg_nikkei225_date .......................................... [[32mPASS[0m in 0.06s]
[0m14:51:25.124515 [debug] [Thread-1 (]: Finished running node test.nikkei225_dbt.unique_stg_nikkei225_date.fa86e4867a
[0m14:51:25.124515 [debug] [MainThread]: Using sqlite connection "master"
[0m14:51:25.124515 [debug] [MainThread]: On master: BEGIN
[0m14:51:25.124515 [debug] [MainThread]: Opening a new connection, currently in state closed
[0m14:51:25.124515 [debug] [MainThread]: SQL status: OK in 0.002 seconds
[0m14:51:25.124515 [debug] [MainThread]: On master: COMMIT
[0m14:51:25.124515 [debug] [MainThread]: Using sqlite connection "master"
[0m14:51:25.124515 [debug] [MainThread]: On master: COMMIT
[0m14:51:25.124515 [debug] [MainThread]: SQL status: OK in 0.000 seconds
[0m14:51:25.124515 [debug] [MainThread]: On master: Close
[0m14:51:25.136693 [debug] [MainThread]: Connection 'master' was properly closed.
[0m14:51:25.138631 [debug] [MainThread]: Connection 'list_database_main' was properly closed.
[0m14:51:25.138631 [debug] [MainThread]: Connection 'test.nikkei225_dbt.unique_stg_nikkei225_date.fa86e4867a' was properly closed.
[0m14:51:25.140943 [info ] [MainThread]: 
[0m14:51:25.143175 [info ] [MainThread]: Finished running 7 data tests in 0 hours 0 minutes and 0.72 seconds (0.72s).
[0m14:51:25.145047 [debug] [MainThread]: Command end result
[0m14:51:25.225872 [debug] [MainThread]: Wrote artifact WritableManifest to C:\Users\Daisuke\Documents\nikkei\nikkei225\nikkei225-analysis\dbt_nikkei225\target\manifest.json
[0m14:51:25.228906 [debug] [MainThread]: Wrote artifact SemanticManifest to C:\Users\Daisuke\Documents\nikkei\nikkei225\nikkei225-analysis\dbt_nikkei225\target\semantic_manifest.json
[0m14:51:25.244810 [debug] [MainThread]: Wrote artifact RunExecutionResult to C:\Users\Daisuke\Documents\nikkei\nikkei225\nikkei225-analysis\dbt_nikkei225\target\run_results.json
[0m14:51:25.246818 [info ] [MainThread]: 
[0m14:51:25.246818 [info ] [MainThread]: [32mCompleted successfully[0m
[0m14:51:25.246818 [info ] [MainThread]: 
[0m14:51:25.246818 [info ] [MainThread]: Done. PASS=7 WARN=0 ERROR=0 SKIP=0 NO-OP=0 TOTAL=7
[0m14:51:25.246818 [debug] [MainThread]: Command `run_dbt.py test` succeeded at 14:51:25.246818 after 3.79 seconds
[0m14:51:25.246818 [debug] [MainThread]: Sending event: {'category': 'dbt', 'action': 'invocation', 'label': 'end', 'context': [<snowplow_tracker.self_describing_json.SelfDescribingJson object at 0x0000028EF9A97800>, <snowplow_tracker.self_describing_json.SelfDescribingJson object at 0x0000028EF9A979B0>, <snowplow_tracker.self_describing_json.SelfDescribingJson object at 0x0000028EF779CF50>]}
[0m14:51:25.246818 [debug] [MainThread]: Flushing usage events
[0m14:51:27.241051 [debug] [MainThread]: An error was encountered while trying to flush usage events
